                                                                                
                                ┌──────────────┐                                
                                │[Person]      │                                
                                │Customer      │                                
                                └──────────────┘                                
                                        │                                       
                                        │                                       
                                        │                                       
                                        │Uses                                   
                                        │                                       
                                ┌───────▼──────┐                                
                                │[System]      │                                
                                │Web Applicati…│                                
                                └──────────────┘                                
                                        │                                       
                                        │                                       
                                        │Sends emails us…                       
                                        │                                       
                                        │                                       
                                ┌───────▼──────┐                                
                                │[System_Ext]  │                                
                                │Email System  │                                
                                └──────────────┘                                
                                                                                