                                                                                                                        
                                          *     *     *      *     *      *                                             
                                            │     │      │     │      │     │                                           
                                                                                                                        
                                            ┼─────▶      │     │      │     │                                           
                                                                                                                        
                                            │     ┼──────▶     │      │     │                                           
                                                                                                                        
                                            │     │      ┼─────▶      │     │                                           
                                                                                                                        
                                            │     │      │     ┼──────▶     │                                           
                                                                                                                        
                                            │     │      │     │      ┼─────▶                                           
                                                                                                                        
                                            ◀─────┼──────┼─────┼──────┼─────┼                                           
                                         ┌loop─Every minute───────────────────┐                                         
                                         │  ┼─────▶      │     │      │     │ │                                         
                                         │                                    │                                         
                                         │  ◀─────┼      │     │      │     │ │                                         
                                         │alt─Success path────────────────────│                                         
                                         │  │     │      ┼─────▶      │     │ │                                         
                                         │                                    │                                         
                                         │  │     │      ◀─────┼      │     │ │                                         
                                         │else─Failure path───────────────────│                                         
                                         │─────────────────────▶──────────────│                                         
                                         │                                    │                                         
                                         │  │     │      ◀─────┼      │     │ │                                         
                                         │                                    │                                         
                                         │  ◀─────┼──────┼     │      │     │ │                                         
                                        ┌│pt─Optional step────────────────────│┐                                        
                                        ││  │     │      │     │      ┼─────▶ ││                                        
                                        ││                                    ││                                        
                                        ││  ▶     │      │     │      │     │ ││                                        
                                        ││                                    ││                                        
                                        ││  │     ┼──────┼─────▶      │     │ ││                                        
                                        ││                                    ││                                        
                                        ││  │     ◀──────┼─────┼      │     │ ││                                        
                                        ││                                    ││                                        
                                        └└────────────────────────────────────┘┘                                        
                                                                                                                        