                                                                                
                               ┌────────────────┐                               
                               │A┌────────────┐ │                               
                               │ │[Component] │ │                               
                               │ │Controller  │ │                               
                               │ └────────────┘ │                               
                               │        │       │                               
                               │        │       │                               
                               │        │Uses   │                               
                               │        │       │                               
                               │ ┌──────▼─────┐ │                               
                               │ │[Component] │ │                               
                               │ │Service     │ │                               
                               │ └────────────┘ │                               
                               │        │       │                               
                               │        │       │                               
                               │        │Uses   │                               
                               │        │       │                               
                               │ ┌──────▼─────┐ │                               
                               │ │[Component] │ │                               
                               │ │Repository  │ │                               
                               │ └────────────┘ │                               
                               └────────────────┘                               
                                                                                