                                                                                
                               ●  ●   ●   ●   ●  ●                              
                               │  │   │   │   │  │                              
                               ───▶                                             
                               │  ┼───▶   │   │  │                              
                                      ────▶                                     
                               │  │   │   ┼───▶  │                              
                                                                                
                               │  │   │   │   ┼──▶                              
                             ┌l◀──────────────────┐                             
                             │ ┼──▶   │   │   │  ││                             
                             │ ◀───               │                             
                             │alt─Succ────▶ath────│                             
                             │        ◀────       │                             
                             │else─Fai────▶path───│                             
                             │        ◀────       │                             
                             │ │  │   │   │   │  ││                             
                            ┌│p◀───────al step────│┐                            
                            ││ │  │   │   │   ┼──▶││                            
                            ││ ▶                  ││                            
                            ││ │  ┼───┼───▶   │  │││                            
                            ││    ◀────────       ││                            
                            └└────────────────────┘┘                            
                                                                                