                Large Project Roadmap With Intentionally Long Ti                
─────────────────────2024-01-01───────────────────────────────────────2024-03-1─
Planning────────────────────────────────────────────────────────────────────────
 Requirements        ───────                                                    
 Architecture               ──────                                              
 Design Review                   ◆                                              
Development Phase 1─────────────────────────────────────────────────────────────
 Core Module                     ───────────                                    
 Auth Module                     ────────                                       
 API Layer                                  ─────                               
 Database Setup                             ────                                
Development Phase 2─────────────────────────────────────────────────────────────
 Frontend                                        ───────────                    
 Integration                                                ─────               
 Performance                                                     ────           
Testing─────────────────────────────────────────────────────────────────────────
 Unit Tests                              ────────────────                       
 Integration Tests                                               ────────       
 Load Tests                                                          ────       
 Security Audit                                                         ──────  
Release─────────────────────────────────────────────────────────────────────────
 Staging Deploy                                                         ───     
 UAT                                                                       ──── 
 Production Deploy                                                             ◆