                                                                                
                                  ┌──────────┐                                  
                                  │[Person]  │                                  
                                  └──────────┘                                  
                                        │                                       
                                        │                                       
                                 ┌──────┼Uses─┐                                 
                                 │┌─────▼────┐│                                 
                                 ││[Containe…││                                 
                                 │└──────────┘│                                 
                                 │      │     │                                 
                                 │      │     │                                 
                                 │      │Calls│                                 
                                 │      │     │                                 
                                 │┌─────▼────┐│                                 
                                 ││[Containe…││                                 
                                 │└──────────┘│                                 
                                 └──────┼─────┘                                 
                                        │Reads/Writes                           
                                        │                                       
                                  ┌─────▼────┐                                  
                                  │          │                                  
                                  └──────────┘                                  
                                                                                