╭───────────Filters + Follow───────────╮
│Follow[F]: ON  Component[C]: all  Seve│
╰──────────────────────────────────────╯
╭────────────Event Timeline────────────╮
│   0 TRACE core    input   Key event p│
│   1 DEBUG core    input   Key event p│
│   2 INFO  runtime input   Key event p│
│   3 WARN  runtime cmd     Command dis│
│   4 ERROR render  cmd     Command dis│
╰──────────────────────────────────────╯