╭───────────────────────────────────────────────────Filters + Follow───────────────────────────────────────────────────╮
│Follow[F]: ON  Component[C]: all  Severity[S]: all  Type[T]: input  Clear[X]                                          │
╰──────────────────────────────────────────────────────────────────────────────────────────────────────────────────────╯
╭─────────────────────────Event Timeline──────────────────────────╮╭───────────────────Event Detail────────────────────╮
│   0 TRACE core    input   Key event processed                   ││ID: 3                                              │
│   1 DEBUG core    input   Key event processed                   ││Tick: 2                                            │
│   2 INFO  runtime input   Key event processed                   ││Severity: INFO                                     │
│                                                                 ││Component: runtime                                 │
│                                                                 ││Type: input                                        │
│                                                                 ││                                                   │
│                                                                 ││Summary:                                           │
│                                                                 ││  Key event processed                              │
│                                                                 ││                                                   │
│                                                                 ││Fields:                                            │
│                                                                 ││  latency_ms: 8                                    │
│                                                                 ││  diff_cells: 26                                   │
│                                                                 ││  ansi_bytes: 94                                   │
│                                                                 ││                                                   │
│                                                                 ││                                                   │
│                                                                 ││                                                   │
│                                                                 ││                                                   │
│                                                                 ││                                                   │
│                                                                 ││                                                   │
│                                                                 ││                                                   │
│                                                                 ││                                                   │
│                                                                 ││                                                   │
│                                                                 ││                                                   │
│                                                                 ││                                                   │
│                                                                 ││                                                   │
│                                                                 ││                                                   │
│                                                                 ││                                                   │
│                                                                 ││                                                   │
│                                                                 ││                                                   │
│                                                                 ││                                                   │
│                                                                 ││                                                   │
│                                                                 ││                                                   │
│                                                                 ││                                                   │
│                                                                 ││                                                   │
│                                                                 ││                                                   │
╰─────────────────────────────────────────────────────────────────╯╰───────────────────────────────────────────────────╯