╭───────────────────────────────────────────────────Filters + Follow───────────────────────────────────────────────────╮
│Follow[F]: ON  Component[C]: core  Severity[S]: all  Type[T]: all  Clear[X]                                           │
╰──────────────────────────────────────────────────────────────────────────────────────────────────────────────────────╯
╭─────────────────────────Event Timeline──────────────────────────╮╭───────────────────Event Detail────────────────────╮
│   0 TRACE core    input   Key event processed                   ││ID: 10                                             │
│   1 DEBUG core    input   Key event processed                   ││Tick: 9                                            │
│   8 WARN  core    sub     Subscription tick delivered           ││Severity: ERROR                                    │
│   9 ERROR core    render  Frame diff computed                   ││Component: core                                    │
│                                                                 ││Type: render                                       │
│                                                                 ││                                                   │
│                                                                 ││Summary:                                           │
│                                                                 ││  Frame diff computed                              │
│                                                                 ││                                                   │
│                                                                 ││Fields:                                            │
│                                                                 ││  latency_ms: 8                                    │
│                                                                 ││  diff_cells: 117                                  │
│                                                                 ││  ansi_bytes: 423                                  │
│                                                                 ││                                                   │
│                                                                 ││                                                   │
│                                                                 ││                                                   │
│                                                                 ││                                                   │
│                                                                 ││                                                   │
│                                                                 ││                                                   │
│                                                                 ││                                                   │
│                                                                 ││                                                   │
│                                                                 ││                                                   │
│                                                                 ││                                                   │
│                                                                 ││                                                   │
│                                                                 ││                                                   │
│                                                                 ││                                                   │
│                                                                 ││                                                   │
│                                                                 ││                                                   │
│                                                                 ││                                                   │
│                                                                 ││                                                   │
│                                                                 ││                                                   │
│                                                                 ││                                                   │
│                                                                 ││                                                   │
│                                                                 ││                                                   │
│                                                                 ││                                                   │
╰─────────────────────────────────────────────────────────────────╯╰───────────────────────────────────────────────────╯