╭───────────────────────────────────────────────────Filters + Follow───────────────────────────────────────────────────╮
│Follow[F]: ON  Component[C]: all  Severity[S]: INFO  Type[T]: all  Clear[X]                                           │
╰──────────────────────────────────────────────────────────────────────────────────────────────────────────────────────╯
╭─────────────────────────Event Timeline──────────────────────────╮╭───────────────────Event Detail────────────────────╮
│   2 INFO  runtime input   Key event processed                   ││ID: 8                                              │
│   7 INFO  widgets sub     Subscription tick delivered           ││Tick: 7                                            │
│                                                                 ││Severity: INFO                                     │
│                                                                 ││Component: widgets                                 │
│                                                                 ││Type: sub                                          │
│                                                                 ││                                                   │
│                                                                 ││Summary:                                           │
│                                                                 ││  Subscription tick delivered                      │
│                                                                 ││                                                   │
│                                                                 ││Fields:                                            │
│                                                                 ││  latency_ms: 2                                    │
│                                                                 ││  diff_cells: 91                                   │
│                                                                 ││  ansi_bytes: 329                                  │
│                                                                 ││                                                   │
│                                                                 ││                                                   │
│                                                                 ││                                                   │
│                                                                 ││                                                   │
│                                                                 ││                                                   │
│                                                                 ││                                                   │
│                                                                 ││                                                   │
│                                                                 ││                                                   │
│                                                                 ││                                                   │
│                                                                 ││                                                   │
│                                                                 ││                                                   │
│                                                                 ││                                                   │
│                                                                 ││                                                   │
│                                                                 ││                                                   │
│                                                                 ││                                                   │
│                                                                 ││                                                   │
│                                                                 ││                                                   │
│                                                                 ││                                                   │
│                                                                 ││                                                   │
│                                                                 ││                                                   │
│                                                                 ││                                                   │
│                                                                 ││                                                   │
╰─────────────────────────────────────────────────────────────────╯╰───────────────────────────────────────────────────╯