╭───────────────────────────────────────────────────Filters + Follow───────────────────────────────────────────────────╮
│Follow[F]: OFF  Component[C]: all  Severity[S]: all  Type[T]: all  Clear[X]                                           │
╰──────────────────────────────────────────────────────────────────────────────────────────────────────────────────────╯
╭─────────────────────────Event Timeline──────────────────────────╮╭───────────────────Event Detail────────────────────╮
│   6 DEBUG widgets sub     Subscription tick delivered           ││ID: 15                                             │
│   8 WARN  core    sub     Subscription tick delivered           ││Tick: 6                                            │
│  10 TRACE runtime render  Frame diff computed                   ││Severity: DEBUG                                    │
│  12 INFO  render  present Presenter emitted ANSI batch          ││Component: widgets                                 │
│  14 ERROR widgets present Presenter emitted ANSI batch          ││Type: sub                                          │
│  16 DEBUG core    caps    Capability probe updated              ││                                                   │
│  18 WARN  runtime budget  Render budget degraded                ││Summary:                                           │
│  20 TRACE render  budget  Render budget degraded                ││  Subscription tick delivered                      │
│  22 INFO  widgets input   Key event processed                   ││                                                   │
│  24 ERROR core    cmd     Command dispatched to model           ││Fields:                                            │
│  26 DEBUG runtime cmd     Command dispatched to model           ││  latency_ms: 20                                   │
│  28 WARN  render  sub     Subscription tick delivered           ││  diff_cells: 78                                   │
│  30 TRACE widgets render  Frame diff computed                   ││  ansi_bytes: 282                                  │
│                                                                 ││                                                   │
│                                                                 ││                                                   │
│                                                                 ││                                                   │
│                                                                 ││                                                   │
│                                                                 ││                                                   │
│                                                                 ││                                                   │
│                                                                 ││                                                   │
│                                                                 ││                                                   │
│                                                                 ││                                                   │
│                                                                 ││                                                   │
│                                                                 ││                                                   │
│                                                                 ││                                                   │
│                                                                 ││                                                   │
│                                                                 ││                                                   │
│                                                                 ││                                                   │
│                                                                 ││                                                   │
│                                                                 ││                                                   │
│                                                                 ││                                                   │
│                                                                 ││                                                   │
│                                                                 ││                                                   │
│                                                                 ││                                                   │
│                                                                 ││                                                   │
╰─────────────────────────────────────────────────────────────────╯╰───────────────────────────────────────────────────╯