 1: Dash │ 2: Shakes │ 3: Code │ 4: Widgets │ 5: Layout │ 6: Forms │ 7: DataViz │ 8: Files │ 9: Adv │ 0: Perf │         
╭╭───────────────────Perf HUD───────────────────╮──────Dashboard───────────────────────────────────────────────────────╮
││ Render FPS: 0.0                              │                                                                      │
││ Tick rate:    192.5 /s                       │──────────╮╭──────────────Code───────────────╮╭─────────Info─────────╮│
││ Tick avg:      5.19 ms                       │▃▆▅▄▄▆▆▅▆▇││// FrankenTUI                    ││FPS: 192              ││
││ Tick p95:      5.22 ms                       │█▂▆▅▄▂▇▅▆█││use ftui::*;                     ││118x36                ││
││ Tick p99:      5.22 ms                       │ █▁▁▁▁█▁ ▁││                                 ││Cyberpunk Aurora      ││
││ Tick range: 5.2..5.2 ms                      │          ││fn main() {                      ││Tick: 3               ││
││                                              │          ││  App::run()                     ││                      ││
││ Views:      1                                │          ││}                                ││                      ││
││ Ticks:      3                                │          ││                                 ││                      ││
││ Screen:     Dashboard                        │          ││                                 ││                      ││
││ Terminal:   0x0                              │          ││                                 ││                      ││
││ Samples:    2/120                            │          ││                                 ││                      ││
││                                              │          ││                                 ││                      ││
││ █                                            │          ││                                 ││                      ││
│╰──────────────────────────────────────────────╯          ││                                 ││                      ││
││⣿⣿⣿⣿⣿⣿⣿⣿⣿⣿⣿⣿⣿⣿⣿⣿⣿⣿⣿⣿⣿⣿││                                 ││                                 ││                      ││
││⣿⣿⣿⣿⣿⣿⣿⣿⣿⣿⣿⣿⣿⣿⣿⣿⣿⣿⣿⣿⣿⣿││                                 ││                                 ││CPU ████░░░░░░░░░  33%││
││⣿⣿⣿⣿⣿⣿⣿⣿⣿⣿⣿⣿⣿⣿⣿⣿⣿⣿⣿⣿⣿⣿││                                 ││                                 ││MEM █████░░░░░░░░  40%││
││⣿⣿⣿⣿⣿⣿⣿⣿⣿⣿⣿⣿⣿⣿⣿⣿⣿⣿⣿⣿⣿⣿││                                 ││                                 ││DSK ████████░░░░░  65%││
│╰──────────────────────╯╰─────────────────────────────────╯╰─────────────────────────────────╯╰──────────────────────╯│
│╭─────────Statistics─────────╮╭──────────────────Activity───────────────────╮╭───────────────Markdown────────────────╮│
││24S 45W 7E                  ││- 00:02 CPU spike detected on core 3         ││Bold italic `code` E=mc²               ││
││                            ││                                             ││✓ TUI framework                        ││
││                            ││                                             ││                                       ││
││                            ││                                             ││                                       ││
││                            ││                                             ││                                       ││
││                            ││                                             ││                                       ││
││                            ││                                             ││                                       ││
││                            ││                                             ││                                       ││
││                            ││                                             ││                                       ││
││                            ││                                             ││                                       ││
││                            ││                                             ││                                       ││
││                            ││                                             ││                                       ││
││                            ││                                             ││                                       ││
│╰────────────────────────────╯╰─────────────────────────────────────────────╯╰───────────────────────────────────────╯│
│1-9:screens | Tab:next | t:theme | ?:help | q:quit                                                                    │
╰──────────────────────────────────────────────────────────────────────────────────────────────────────────────────────╯
 Dashboard [1/24]  Cyberpunk Aurora                               tick:3 frm:0                                0x0 00:00 