 1: Dash │ 2: Shakes │ 3: Code │ 4: Widgets │ 5: Layout │ 6: Forms │ 7: DataViz │ 8: Files │ 9: Adv │ 0: Perf │         
╭╭───────────────────Perf HUD───────────────────╮──────Dashboard───────────────────────────────────────────────────────╮
││ Render FPS: 0.0                              │                                                                      │
││ Tick rate:      0.0 /s                       │──────────╮╭──────────────Code───────────────╮╭─────────Info─────────╮│
││ Tick avg:      0.00 ms                       │▃▆▅▄▄▆▆▅▆▇││// FrankenTUI                    ││FPS: 0                ││
││ Tick p95:      0.00 ms                       │█▂▆▅▄▂▇▅▆█││use ftui::*;                     ││118x36                ││
││ Tick p99:      0.00 ms                       │ █▁▁▁▁█▁ ▁││                                 ││Cyberpunk Aurora      ││
││ Tick range: 0.0..0.0 ms                      │          ││fn main() {                      ││Tick: 30              ││
││                                              │          ││  App::run()                     ││                      ││
││ Views:      1                                │          ││}                                ││                      ││
││ Ticks:      0                                │          ││                                 ││                      ││
││ Screen:     Dashboard                        │          ││                                 ││                      ││
││ Terminal:   120x40                           │          ││                                 ││                      ││
││ Samples:    0/120                            │          ││                                 ││                      ││
││                                              │          ││                                 ││                      ││
││                                              │          ││                                 ││                      ││
│╰──────────────────────────────────────────────╯          ││                                 ││                      ││
││⣿⣿⣿⣿⣿⣿⣿⣿⣿⣿⣿⣿⣿⣿⣿⣿⣿⣿⣿⣿⣿⣿││                                 ││                                 ││                      ││
││⣿⣿⣿⣿⣿⣿⣿⣿⣿⣿⣿⣿⣿⣿⣿⣿⣿⣿⣿⣿⣿⣿││                                 ││                                 ││CPU ██████░░░░░░░  46%││
││⣿⣿⣿⣿⣿⣿⣿⣿⣿⣿⣿⣿⣿⣿⣿⣿⣿⣿⣿⣿⣿⣿││                                 ││                                 ││MEM █████░░░░░░░░  41%││
││⣿⣿⣿⣿⣿⣿⣿⣿⣿⣿⣿⣿⣿⣿⣿⣿⣿⣿⣿⣿⣿⣿││                                 ││                                 ││DSK █████████░░░░  67%││
│╰──────────────────────╯╰─────────────────────────────────╯╰─────────────────────────────────╯╰──────────────────────╯│
│╭─────────Statistics─────────╮╭──────────────────Activity───────────────────╮╭───────────────Markdown────────────────╮│
││24S 45W 7E                  ││- 00:02 CPU spike detected on core 3         ││Bold italic `code` E=mc²               ││
││                            ││                                             ││✓ TUI framework                        ││
││                            ││                                             ││                                       ││
││                            ││                                             ││                                       ││
││                            ││                                             ││                                       ││
││                            ││                                             ││                                       ││
││                            ││                                             ││                                       ││
││                            ││                                             ││                                       ││
││                            ││                                             ││                                       ││
││                            ││                                             ││                                       ││
││                            ││                                             ││                                       ││
││                            ││                                             ││                                       ││
││                            ││                                             ││                                       ││
│╰────────────────────────────╯╰─────────────────────────────────────────────╯╰───────────────────────────────────────╯│
│1-9:screens | Tab:next | t:theme | ?:help | q:quit                                                                    │
╰──────────────────────────────────────────────────────────────────────────────────────────────────────────────────────╯
 Dashboard [1/24]  Cyberpunk Aurora                              tick:0 frm:0                              120x40 00:00 