 Breakpoint: SM (60-89) │ Width: 80 │ Thresholds: sm≥60 md≥90 lg≥120 x
╭Layout Info─────────────────────────────────────────────────────────╮
│Columns: 1 │ Breakpoint: SM (60-89) │ 80×24                         │
│                                                                    │
│                                                                    │
╰────────────────────────────────────────────────────────────────────╯
╭Visibility──────────────────────────────────────────────────────────╮
│Sidebar: hidden (md+)                                               │
│Aside:   hidden (lg+)                                               │
│                                                                    │
│                                                                    │
╰────────────────────────────────────────────────────────────────────╯
╭Responsive Values───────────────────────────────────────────────────╮
│Padding: 2 │ Style: normal                                          │
│                                                                    │
│                                                                    │
│                                                                    │
│                                                                    │
│                                                                    │
│                                                                    │
│                                                                    │
│                                                                    │
│                                                                    │
╰────────────────────────────────────────────────────────────────────╯